// Jest Snapshot v1, https://goo.gl/fbAQLP

exports[`Test components Test App Component Snapshot 1`] = `
<section
  className="App"
>
  <div
    className="Todo-main"
  >
    <header
      style={
        Object {
          "lineHeight": "1.5em",
          "padding": "20px 0",
        }
      }
    >
      <h1
        style={
          Object {
            "color": "blue",
            "fontSize": "35px",
            "fontWeight": "400",
            "lineHeight": "1em",
            "marginBottom": "15px",
            "textAlign": "center",
          }
        }
      >
        To Do App
      </h1>
    </header>
    <form
      className="Add-to-do-form"
      onSubmit={[Function]}
    >
      <input
        className="Form-control Add-to-do-input"
        name="title"
        onChange={[Function]}
        placeholder="Add A To Do"
        value=""
      />
    </form>
    <ul
      className="Todo-list"
    />
  </div>
</section>
`;
